1 - main method
1 - Logging print function
1 - ----------T--:--:--.--- [GlobalLogger - ] print function
1 - ----------T--:--:--.--- Local file logger: Cache saved to './log_cache.dat__XXXXXXXX_XXX'.
1 - ----------T--:--:--.--- [GlobalLogger - ] print method
1 - ----------T--:--:--.--- Local file logger: Cache saved to './log_cache.dat__XXXXXXXX_XXX'.
1 - Logging print method
1 - Logging print function
1 - ----------T--:--:--.--- [GlobalLogger - ] print function
1 - ----------T--:--:--.--- Local file logger: Cache saved to './log_cache.dat__XXXXXXXX_XXX'.
1 - ----------T--:--:--.--- [GlobalLogger - ] print method
1 - ----------T--:--:--.--- Local file logger: Cache saved to './log_cache.dat__XXXXXXXX_XXX'.
1 - Logging print method
