1 -  -- alma.acs.testsupport.tat.NoDotJUnitRunner com.cosylab.acs.maci.test.PrevaylerSerializationTest
1 - Recovering system state...
1 - Recovering system state...
1 - Creating or loading recovery file
1 - Recovering system state...
1 - Creating or loading recovery file
1 - Recovering system state...
1 - Creating or loading recovery file
1 - 
1 - 
1 - OK (1 test)
1 - 
