1 - Access initialized ... ok
1 - Access retrieve CDB String ... ok
1 - Access retrieve CDB String from cache ... ok
1 - Access retrieve attributes from lower level element that has no attributes ... ok
1 - Access retrieve attributes from lower level element that has attributes ... ok
1 - Access retrieve attributes from top level element ... ok
1 - Handler initialized ... ok
1 - Handler nested element with attributes ... ok
1 - Handler nested element with no attributes ... ok
1 - Handler nested different element with no attributes ... ok
1 - Handler nested different element with no attributes ... ok
1 - Handler element with attributes ... ok
1 - Handler element with no attributes ... ok
1 - 
1 - ----------------------------------------------------------------------
1 - Ran xx tests in x.xxxs
1 - 
1 - OK
