1 - ACSError getErrorTrace returns trace when defined ... ok
1 - ACSError getErrorTrace returns expected value when no trace defined ... ok
1 - ACSError initialized with defaults ... ok
1 - ACSError initialized from CORBA Exception ... ok
1 - ACSError initialized from Completion ... ok
1 - ACSError initialized without create and no trace or previous error ... ok
1 - addComplHelperMethods addData added and functions ... ok
1 - addComplHelperMethods getCode added and functions ... ok
1 - addComplHelperMethods getTimeStamp added and functions ... ok
1 - addComplHelperMethods getType added and functions ... ok
1 - addComplHelperMethods isErrorFree added and functions if error defined ... ok
1 - addComplHelperMethods getTimeStamp added and functions if no error ... ok
1 - addComplHelperMethods log added and functions ... ok
1 - addComplHelperMethods log added and functions ... ok
1 - pyExceptionToCORBA creates CORBA exception from Python exception ... ok
1 - 
1 - ----------------------------------------------------------------------
1 - Ran xx tests in x.xxxs
1 - 
1 - OK
