1 - test_narrow_fault (test_Acspy_Util_NameTree.TestGetNode) ... ok
1 - test_normal_operation (test_Acspy_Util_NameTree.TestGetNode) ... ok
1 - test_resolve_fault (test_Acspy_Util_NameTree.TestGetNode) ... ok
1 - test_no_nameservice (test_Acspy_Util_NameTree.TestInitialize) ... ok
1 - test_ok (test_Acspy_Util_NameTree.TestInitialize) ... ok
1 - test_cd_relative_default (test_Acspy_Util_NameTree.TestNameTreeMethods) ... ok
1 - test_cd_relative_nested (test_Acspy_Util_NameTree.TestNameTreeMethods) ... ok
1 - test_cd_relative_nested_forward (test_Acspy_Util_NameTree.TestNameTreeMethods) ... ok
1 - test_cd_relative_nested_forward_not_exist (test_Acspy_Util_NameTree.TestNameTreeMethods) ... ok
1 - test_getObject_not_found (test_Acspy_Util_NameTree.TestNameTreeMethods) ... ok
1 - test_getObject_other_fault (test_Acspy_Util_NameTree.TestNameTreeMethods) ... ok
1 - test_mkdir_absolute_path_bind_fault (test_Acspy_Util_NameTree.TestNameTreeMethods) ... ok
1 - test_mkdir_absolute_path_existing_nodes (test_Acspy_Util_NameTree.TestNameTreeMethods) ... ok
1 - test_mkdir_absolute_path_no_node (test_Acspy_Util_NameTree.TestNameTreeMethods) ... ok
1 - test_mkdir_relative_path_existing_nodes (test_Acspy_Util_NameTree.TestNameTreeMethods) ... ok
1 - test_mkdir_relative_path_no_node (test_Acspy_Util_NameTree.TestNameTreeMethods) ... ok
1 - test_mkdir_relativee_path_bind_fault (test_Acspy_Util_NameTree.TestNameTreeMethods) ... ok
1 - test_pwd_default (test_Acspy_Util_NameTree.TestNameTreeMethods) ... ok
1 - test_pwd_nested (test_Acspy_Util_NameTree.TestNameTreeMethods) ... ok
1 - 
1 - ----------------------------------------------------------------------
1 - Ran xx tests in x.xxxs
1 - 
1 - OK
