1 - test_client_exists (test_Acspy_Util_ACSCorba.TestGetClient) ... ok
1 -   File "ACSCorba.py", line xxx, in getClient
1 -     SINGLETON_CLIENT = _Client()
1 -   File "mock.py", line xxx, in __call__
1 -     return _mock_self._mock_call(*args, **kwargs)
1 -   File "mock.py", line xxx, in _mock_call
1 -     result = effect(*args, **kwargs)
1 -   File "test_Acspy_Util_ACSCorba.py", line xxx, in raiser
1 -     raise Exception("Boom!")
1 - Exception: Boom!
1 - ok
1 - test_ok (test_Acspy_Util_ACSCorba.TestGetClient) ... ok
1 - test_manager_exists (test_Acspy_Util_ACSCorba.TestGetManager) ... ok
1 - test_obj_fault (test_Acspy_Util_ACSCorba.TestGetManager) ... ok
1 - test_ok (test_Acspy_Util_ACSCorba.TestGetManager) ... ok
1 -   File "ACSCorba.py", line xxx, in getManager
1 -     if MGR_REF != None and (not CORBA.is_nil(MGR_REF)):
1 -   File "CORBA.py", line xxx, in is_nil
1 -     raise BAD_PARAM(omniORB.BAD_PARAM_WrongPythonType, COMPLETED_NO)
1 - BAD_PARAM: CORBA.BAD_PARAM(omniORB.BAD_PARAM_WrongPythonType, CORBA.COMPLETED_NO)
1 - ok
1 - test_orb_no_object (test_Acspy_Util_ACSCorba.TestGetManager) ... ok
1 - test_args (test_Acspy_Util_ACSCorba.TestGetManagerCorbaLoc) ... ok
1 - test_environ (test_Acspy_Util_ACSCorba.TestGetManagerCorbaLoc) ... ok
1 - test_manager_exists (test_Acspy_Util_ACSCorba.TestGetManagerCorbaLoc) ... ok
1 - test_new_corbaloc (test_Acspy_Util_ACSCorba.TestGetManagerCorbaLoc) ... ok
1 - test_no_args_or_env (test_Acspy_Util_ACSCorba.TestGetManagerCorbaLoc) ... ok
1 -   File "ACSCorba.py", line xxx, in getORB
1 -     ORB = CORBA.ORB_init(argv)
1 -   File "mock.py", line xxx, in __call__
1 -     return _mock_self._mock_call(*args, **kwargs)
1 -   File "mock.py", line xxx, in _mock_call
1 -     result = effect(*args, **kwargs)
1 -   File "test_Acspy_Util_ACSCorba.py", line xxx, in raiser
1 -     raise Exception("Boom!")
1 - Exception: Boom!
1 - ok
1 - test_ok (test_Acspy_Util_ACSCorba.TestGetORB) ... ok
1 - test_orb_exists (test_Acspy_Util_ACSCorba.TestGetORB) ... ok
1 -   File "ACSCorba.py", line xxx, in getPOAManager
1 -     POA_MANAGER = getPOARoot()._get_the_POAManager()
1 -   File "mock.py", line xxx, in __call__
1 -     return _mock_self._mock_call(*args, **kwargs)
1 -   File "mock.py", line xxx, in _mock_call
1 -     result = effect(*args, **kwargs)
1 -   File "test_Acspy_Util_ACSCorba.py", line xxx, in raiser
1 -     raise Exception("Boom!")
1 - Exception: Boom!
1 - ok
1 - test_manager_exists (test_Acspy_Util_ACSCorba.TestGetPOAManager) ... ok
1 - test_ok (test_Acspy_Util_ACSCorba.TestGetPOAManager) ... ok
1 -   File "ACSCorba.py", line xxx, in getPOARoot
1 -     POA_ROOT = getORB().resolve_initial_references("RootPOA")
1 -   File "mock.py", line xxx, in __call__
1 -     return _mock_self._mock_call(*args, **kwargs)
1 -   File "mock.py", line xxx, in _mock_call
1 -     result = effect(*args, **kwargs)
1 -   File "test_Acspy_Util_ACSCorba.py", line xxx, in raiser
1 -     raise Exception("Boom!")
1 - Exception: Boom!
1 - ok
1 - test_ok (test_Acspy_Util_ACSCorba.TestGetPOARoot) ... ok
1 - test_root_exists (test_Acspy_Util_ACSCorba.TestGetPOARoot) ... ok
1 - test_client_init_pydoc (test_Acspy_Util_ACSCorba.Test_Client) ... ok
1 - test_client_init_without_manager (test_Acspy_Util_ACSCorba.Test_Client) ... ok
1 - test_client_getService (test_Acspy_Util_ACSCorba.Test_ClientMethods) ... ok
1 - test_client_getservice_none_component (test_Acspy_Util_ACSCorba.Test_ClientMethods) ... ok
1 - test_client_getservice_none_manager (test_Acspy_Util_ACSCorba.Test_ClientMethods) ... ok
1 - 
1 - ----------------------------------------------------------------------
1 - Ran xx tests in x.xxxs
1 - 
1 - OK
