1 - Test preparation with SUCCESS
1 - RESULTS FROM TEST CASE1: Verify static configuration of archive delta percent parameter
1 - Perform manual verification of delta archival percent for properties according to MC_TEST_COMPONENT4.xml:
1 -  - doubleSeqProp: 10.0
1 -  - doubleProp:    10.0
1 -  - longProp:      20.0
1 -  - longSeqProp:   20.0
1 -  - patternProp:   7.0
1 - Number of Devices: 1
1 - MC_TEST_COMPONENT4 
1 - 	MC_TEST_COMPONENT4:doubleSeqProp ['12124']
1 - 		{'value': [0.0, 0.0, 0.0, 0.0, 0.0, 0.0, 0.0, 0.0, 0.0, 0.0, 0.0, 0.0, 0.0, 0.0, 0.0, 0.0, 0.0, 0.0, 0.0, 0.0, 0.0, 0.0, 0.0, 0.0, 0.0], 'time': ------------------}
1 - 		{'value': [1.0, 1.0, 1.0, 1.0, 1.0, 1.0, 1.0, 1.0, 1.0, 1.0, 1.0, 1.0, 1.0, 1.0, 1.0, 1.0, 1.0, 1.0, 1.0, 1.0, 1.0, 1.0, 1.0, 1.0, 1.0], 'time': ------------------}
1 - 		{'value': [2.0, 2.0, 2.0, 2.0, 2.0, 2.0, 2.0, 2.0, 2.0, 2.0, 2.0, 2.0, 2.0, 2.0, 2.0, 2.0, 2.0, 2.0, 2.0, 2.0, 2.0, 2.0, 2.0, 2.0, 2.0], 'time': ------------------}
1 - 		{'value': [3.0, 3.0, 3.0, 3.0, 3.0, 3.0, 3.0, 3.0, 3.0, 3.0, 3.0, 3.0, 3.0, 3.0, 3.0, 3.0, 3.0, 3.0, 3.0, 3.0, 3.0, 3.0, 3.0, 3.0, 3.0], 'time': ------------------}
1 - 		{'value': [4.0, 4.0, 4.0, 4.0, 4.0, 4.0, 4.0, 4.0, 4.0, 4.0, 4.0, 4.0, 4.0, 4.0, 4.0, 4.0, 4.0, 4.0, 4.0, 4.0, 4.0, 4.0, 4.0, 4.0, 4.0], 'time': ------------------}
1 - 		{'value': [5.0, 5.0, 5.0, 5.0, 5.0, 5.0, 5.0, 5.0, 5.0, 5.0, 5.0, 5.0, 5.0, 5.0, 5.0, 5.0, 5.0, 5.0, 5.0, 5.0, 5.0, 5.0, 5.0, 5.0, 5.0], 'time': ------------------}
1 - 		{'value': [6.0, 6.0, 6.0, 6.0, 6.0, 6.0, 6.0, 6.0, 6.0, 6.0, 6.0, 6.0, 6.0, 6.0, 6.0, 6.0, 6.0, 6.0, 6.0, 6.0, 6.0, 6.0, 6.0, 6.0, 6.0], 'time': ------------------}
1 - 		{'value': [7.0, 7.0, 7.0, 7.0, 7.0, 7.0, 7.0, 7.0, 7.0, 7.0, 7.0, 7.0, 7.0, 7.0, 7.0, 7.0, 7.0, 7.0, 7.0, 7.0, 7.0, 7.0, 7.0, 7.0, 7.0], 'time': ------------------}
1 - 		{'value': [8.0, 8.0, 8.0, 8.0, 8.0, 8.0, 8.0, 8.0, 8.0, 8.0, 8.0, 8.0, 8.0, 8.0, 8.0, 8.0, 8.0, 8.0, 8.0, 8.0, 8.0, 8.0, 8.0, 8.0, 8.0], 'time': ------------------}
1 - 		{'value': [9.0, 9.0, 9.0, 9.0, 9.0, 9.0, 9.0, 9.0, 9.0, 9.0, 9.0, 9.0, 9.0, 9.0, 9.0, 9.0, 9.0, 9.0, 9.0, 9.0, 9.0, 9.0, 9.0, 9.0, 9.0], 'time': ------------------}
1 - 		{'value': [10.0, 10.0, 10.0, 10.0, 10.0, 10.0, 10.0, 10.0, 10.0, 10.0, 10.0, 10.0, 10.0, 10.0, 10.0, 10.0, 10.0, 10.0, 10.0, 10.0, 10.0, 10.0, 10.0, 10.0, 10.0], 'time': ------------------}
1 - 		{'value': [12.0, 12.0, 12.0, 12.0, 12.0, 12.0, 12.0, 12.0, 12.0, 12.0, 12.0, 12.0, 12.0, 12.0, 12.0, 12.0, 12.0, 12.0, 12.0, 12.0, 12.0, 12.0, 12.0, 12.0, 12.0], 'time': ------------------}
1 - 		{'value': [14.0, 14.0, 14.0, 14.0, 14.0, 14.0, 14.0, 14.0, 14.0, 14.0, 14.0, 14.0, 14.0, 14.0, 14.0, 14.0, 14.0, 14.0, 14.0, 14.0, 14.0, 14.0, 14.0, 14.0, 14.0], 'time': ------------------}
1 - 		{'value': [16.0, 16.0, 16.0, 16.0, 16.0, 16.0, 16.0, 16.0, 16.0, 16.0, 16.0, 16.0, 16.0, 16.0, 16.0, 16.0, 16.0, 16.0, 16.0, 16.0, 16.0, 16.0, 16.0, 16.0, 16.0], 'time': ------------------}
1 - 		{'value': [18.0, 18.0, 18.0, 18.0, 18.0, 18.0, 18.0, 18.0, 18.0, 18.0, 18.0, 18.0, 18.0, 18.0, 18.0, 18.0, 18.0, 18.0, 18.0, 18.0, 18.0, 18.0, 18.0, 18.0, 18.0], 'time': ------------------}
1 - 	MC_TEST_COMPONENT4:doubleProp ['3432535']
1 - 		{'value': 0.0, 'time': ------------------}
1 - 		{'value': 1.0, 'time': ------------------}
1 - 		{'value': 2.0, 'time': ------------------}
1 - 		{'value': 3.0, 'time': ------------------}
1 - 		{'value': 4.0, 'time': ------------------}
1 - 		{'value': 5.0, 'time': ------------------}
1 - 		{'value': 6.0, 'time': ------------------}
1 - 		{'value': 7.0, 'time': ------------------}
1 - 		{'value': 8.0, 'time': ------------------}
1 - 		{'value': 9.0, 'time': ------------------}
1 - 		{'value': 10.0, 'time': ------------------}
1 - 		{'value': 12.0, 'time': ------------------}
1 - 		{'value': 14.0, 'time': ------------------}
1 - 		{'value': 16.0, 'time': ------------------}
1 - 		{'value': 18.0, 'time': ------------------}
1 - 	MC_TEST_COMPONENT4:longProp []
1 - 		{'value': 16, 'time': ------------------}
1 - 		{'value': 20, 'time': ------------------}
1 - 		{'value': 25, 'time': ------------------}
1 - 		{'value': 32, 'time': ------------------}
1 - 		{'value': 40, 'time': ------------------}
1 - 		{'value': 50, 'time': ------------------}
1 - 		{'value': 63, 'time': ------------------}
1 - 		{'value': 79, 'time': ------------------}
1 - 		{'value': 99, 'time': ------------------}
1 - 		{'value': 124, 'time': ------------------}
1 - 		{'value': 155, 'time': ------------------}
1 - 		{'value': 194, 'time': ------------------}
1 - 		{'value': 243, 'time': ------------------}
1 - 		{'value': 304, 'time': ------------------}
1 - 		{'value': 380, 'time': ------------------}
1 - 	MC_TEST_COMPONENT4:longSeqProp []
1 - 		{'value': [0, 0, 0, 0, 0, 0, 0, 0, 0, 0, 0, 0, 0, 0, 0, 0, 0, 0, 0, 0, 0, 0, 0, 0, 0], 'time': ------------------}
1 - 		{'value': [1, 1, 1, 1, 1, 1, 1, 1, 1, 1, 1, 1, 1, 1, 1, 1, 1, 1, 1, 1, 1, 1, 1, 1, 1], 'time': ------------------}
1 - 		{'value': [2, 2, 2, 2, 2, 2, 2, 2, 2, 2, 2, 2, 2, 2, 2, 2, 2, 2, 2, 2, 2, 2, 2, 2, 2], 'time': ------------------}
1 - 		{'value': [3, 3, 3, 3, 3, 3, 3, 3, 3, 3, 3, 3, 3, 3, 3, 3, 3, 3, 3, 3, 3, 3, 3, 3, 3], 'time': ------------------}
1 - 		{'value': [4, 4, 4, 4, 4, 4, 4, 4, 4, 4, 4, 4, 4, 4, 4, 4, 4, 4, 4, 4, 4, 4, 4, 4, 4], 'time': ------------------}
1 - 		{'value': [5, 5, 5, 5, 5, 5, 5, 5, 5, 5, 5, 5, 5, 5, 5, 5, 5, 5, 5, 5, 5, 5, 5, 5, 5], 'time': ------------------}
1 - 		{'value': [7, 7, 7, 7, 7, 7, 7, 7, 7, 7, 7, 7, 7, 7, 7, 7, 7, 7, 7, 7, 7, 7, 7, 7, 7], 'time': ------------------}
1 - 		{'value': [9, 9, 9, 9, 9, 9, 9, 9, 9, 9, 9, 9, 9, 9, 9, 9, 9, 9, 9, 9, 9, 9, 9, 9, 9], 'time': ------------------}
1 - 		{'value': [12, 12, 12, 12, 12, 12, 12, 12, 12, 12, 12, 12, 12, 12, 12, 12, 12, 12, 12, 12, 12, 12, 12, 12, 12], 'time': ------------------}
1 - 		{'value': [15, 15, 15, 15, 15, 15, 15, 15, 15, 15, 15, 15, 15, 15, 15, 15, 15, 15, 15, 15, 15, 15, 15, 15, 15], 'time': ------------------}
1 - 		{'value': [19, 19, 19, 19, 19, 19, 19, 19, 19, 19, 19, 19, 19, 19, 19, 19, 19, 19, 19, 19, 19, 19, 19, 19, 19], 'time': ------------------}
1 - 		{'value': [24, 24, 24, 24, 24, 24, 24, 24, 24, 24, 24, 24, 24, 24, 24, 24, 24, 24, 24, 24, 24, 24, 24, 24, 24], 'time': ------------------}
1 - 		{'value': [30, 30, 30, 30, 30, 30, 30, 30, 30, 30, 30, 30, 30, 30, 30, 30, 30, 30, 30, 30, 30, 30, 30, 30, 30], 'time': ------------------}
1 - 		{'value': [38, 38, 38, 38, 38, 38, 38, 38, 38, 38, 38, 38, 38, 38, 38, 38, 38, 38, 38, 38, 38, 38, 38, 38, 38], 'time': ------------------}
1 - 		{'value': [48, 48, 48, 48, 48, 48, 48, 48, 48, 48, 48, 48, 48, 48, 48, 48, 48, 48, 48, 48, 48, 48, 48, 48, 48], 'time': ------------------}
1 - 	MC_TEST_COMPONENT4:patternProp []
1 - 		{'value': 36, 'time': ------------------}
1 - 		{'value': 39, 'time': ------------------}
1 - 		{'value': 42, 'time': ------------------}
1 - 		{'value': 46, 'time': ------------------}
1 - 		{'value': 50, 'time': ------------------}
1 - 		{'value': 54, 'time': ------------------}
1 - 		{'value': 59, 'time': ------------------}
1 - 		{'value': 64, 'time': ------------------}
1 - 		{'value': 69, 'time': ------------------}
1 - 		{'value': 75, 'time': ------------------}
1 - 		{'value': 81, 'time': ------------------}
1 - 		{'value': 88, 'time': ------------------}
1 - 		{'value': 95, 'time': ------------------}
1 - 		{'value': 103, 'time': ------------------}
1 - 		{'value': 111, 'time': ------------------}
